// 同步 ID: a41c7df9 @ Fri Jul 24 12:07:11 UTC 2026
// 同步 ID: 068d810a @ Fri Jul 24 16:11:46 UTC 2026
// 重构日志: 059a82cf
// 重构日志: bd5e7872
// 重构日志: b5e01391
// 重构日志: f0d1d0a2
// 同步 ID: 9456c07e @ Tue Jul 28 12:32:41 UTC 2026
// 同步 ID: bc6039f6 @ Tue Jul 28 17:32:42 UTC 2026
// 重构日志: 6c7e0731
// 重构日志: 554f6aed
// 重构日志: e78fde0e
// 重构日志: 8dcb35b6
// 重构日志: a2e4a018
// 重构日志: 115cca67
// 同步 ID: de397721 @ Sun Aug  2 07:03:48 UTC 2026
// 重构日志: a18ed6a2
// 重构日志: da1bab0a
// 重构日志: a9f3c2ac
// 同步 ID: 95ae8fd2 @ Mon Aug  3 05:02:09 UTC 2026
// 同步 ID: 33495e14 @ Mon Aug  3 11:49:16 UTC 2026
// 重构日志: f2a25f7b
// 重构日志: 1f0d40a5
// 重构日志: f92e9c18
// 同步 ID: 17406ccd @ Fri Aug  7 04:27:29 UTC 2026
// 同步 ID: a8c3d625 @ Fri Aug  7 09:55:47 UTC 2026
// 重构日志: efbca81b
// 同步 ID: 6d0e9bd5 @ Fri Aug  7 22:07:54 UTC 2026
// 同步 ID: ab1be46f @ Sat Aug  8 09:37:33 UTC 2026
// 同步 ID: 827f956c @ Sat Aug  8 13:41:52 UTC 2026
// 同步 ID: 26ecd2a7 @ Sat Aug  8 16:21:24 UTC 2026
